../source/router_eligible_device_app.c:140:16:APP_Uint16ToString	24	static
../source/router_eligible_device_app.c:162:17:APP_StringToUint32	12	static
../source/router_eligible_device_app.c:1132:13:APP_TeamTick	0	static
../source/router_eligible_device_app.c:1378:15:APP_IsLeader	0	static
../source/router_eligible_device_app.c:1601:15:APP_ParseAxis	12	static
../source/router_eligible_device_app.c:570:13:APP_ThrNwkJoin	8	static
../source/router_eligible_device_app.c:820:13:APP_JoinEventsHandler	8	static
../source/router_eligible_device_app.c:586:13:App_JoinTimerCallback	8	static
../source/router_eligible_device_app.c:709:13:APP_AppModeHandleKeyboard	8	static
../source/router_eligible_device_app.c:1152:13:APP_TeamTimerCallback	8	static
../source/router_eligible_device_app.c:1518:13:APP_ReqTimerCallback	8	static
../source/router_eligible_device_app.c:799:13:App_UpdateStateLeds	8	static
../source/router_eligible_device_app.c:605:13:APP_ConfigModeSwShortPressHandler	8	static
../source/router_eligible_device_app.c:668:13:APP_ConfigModeHandleKeyboard	8	static
../source/router_eligible_device_app.c:776:13:App_HandleKeyboard	8	static
../source/router_eligible_device_app.c:2140:13:App_RestoreLeaderLed	8	static
../source/router_eligible_device_app.c:1111:13:APP_LocalDataSinkRelease	24	static
../source/router_eligible_device_app.c:1387:13:APP_LearnLeaderAddr	8	static
../source/router_eligible_device_app.c:942:20:APP_SendDataSinkCommand	40	static
../source/router_eligible_device_app.c:985:13:APP_SendDataSinkRelease	24	static
../source/router_eligible_device_app.c:865:13:APP_CoapGenericCallback	8	static
../source/router_eligible_device_app.c:2105:13:APP_CoapSinkCb	16	static
../source/router_eligible_device_app.c:1635:13:APP_AccelToLed	16	static
../source/router_eligible_device_app.c:1948:13:APP_ProcessLedCmd	24	static
../source/router_eligible_device_app.c:1006:13:APP_SendLedCommand	24	static
../source/router_eligible_device_app.c:1096:13:APP_SendLedColorWheel	32	static
../source/router_eligible_device_app.c:1082:13:APP_SendLedFlash	16	static
../source/router_eligible_device_app.c:1068:13:APP_SendLedRgbOff	40	static
../source/router_eligible_device_app.c:1921:13:APP_CoapLedCb	16	static
../source/router_eligible_device_app.c:1044:13:APP_SendLedRgbOn	56	static
../source/router_eligible_device_app.c:901:13:APP_ReportTemp	24	static
../source/router_eligible_device_app.c:966:13:APP_SendDataSinkCreate	16	static
../source/router_eligible_device_app.c:1558:13:APP_SendLeaderRequest	32	static
../source/router_eligible_device_app.c:1504:13:APP_ReqTick	8	static
../source/router_eligible_device_app.c:540:13:APP_InitCoapDemo	136	static
../source/router_eligible_device_app.c:1681:13:APP_ProcessAccelPayload	80	static
../source/router_eligible_device_app.c:1727:13:APP_AccelClientCb	72	static
../source/router_eligible_device_app.c:1398:13:APP_TeamClientCb	80	static
../source/router_eligible_device_app.c:1184:13:APP_CoapTeamCb	80	static
../source/router_eligible_device_app.c:2041:13:APP_CoapTempCb	88	static
../source/router_eligible_device_app.c:1432:13:APP_CoapTeamAckCb	80	static
../source/router_eligible_device_app.c:1699:13:APP_CoapAccelAckCb	72	static
../source/router_eligible_device_app.c:1541:13:APP_StopReqTimer	8	static
../source/router_eligible_device_app.c:1469:13:APP_CoapStopMyTmrCb	56	static
../source/router_eligible_device_app.c:1176:13:APP_StopTeamTimer	8	static
../source/router_eligible_device_app.c:1230:13:APP_CoapStopTimerCb	56	static
../source/router_eligible_device_app.c:1787:15:APP_FxosRead	48	static
../source/router_eligible_device_app.c:1839:15:APP_AccelRead	24	static
../source/router_eligible_device_app.c:1876:13:APP_CoapAccelCb	120	static
../source/router_eligible_device_app.c:1769:15:APP_FxosWrite	48	static
../source/router_eligible_device_app.c:1157:13:APP_StartTeamTimer	8	static
../source/router_eligible_device_app.c:1319:13:APP_CoapChangeTimeCb	88	static
../source/router_eligible_device_app.c:1290:13:APP_CoapRestartTimerCb	56	static
../source/router_eligible_device_app.c:1259:13:APP_CoapStartTimerCb	56	static
../source/router_eligible_device_app.c:1523:13:APP_StartReqTimer	8	static
../source/router_eligible_device_app.c:1805:13:APP_AccelInit	32	static
../source/router_eligible_device_app.c:269:6:APP_Init	8	static
../source/router_eligible_device_app.c:323:6:APP_Handler	8	static
../source/router_eligible_device_app.c:345:6:APP_NwkScanHandler	16	static
../source/router_eligible_device_app.c:368:6:Stack_to_APP_Handler	16	static
../source/router_eligible_device_app.c:463:6:APP_Commissioning_Handler	80	static
../source/router_eligible_device_app.c:525:6:App_RestoreLeaderLedCb	8	static
